// Jest Snapshot v1, https://goo.gl/fbAQLP

exports[`MatchesBurned clicks full screen button it renders the modal 1`] = `null`;

exports[`MatchesBurned renders 1`] = `
.emotion-0 {
  box-sizing: border-box;
  margin: 0;
  min-width: 0;
}

.emotion-1 {
  box-sizing: border-box;
  margin: 0;
  min-width: 0;
  display: -webkit-box;
  display: -webkit-flex;
  display: -ms-flexbox;
  display: flex;
  -webkit-flex-direction: row;
  -ms-flex-direction: row;
  flex-direction: row;
}

.emotion-2 {
  box-sizing: border-box;
  margin: 0;
  min-width: 0;
  margin-bottom: 10px;
}

@media screen and (min-width: 40em) {
  .emotion-2 {
    margin-bottom: 0px;
  }
}

@media screen and (min-width: 52em) {
  .emotion-2 {
    margin-bottom: 0px;
  }
}

.emotion-4 {
  box-sizing: border-box;
  margin: 0;
  min-width: 0;
  margin-left: auto;
  height: 32px;
}

.emotion-5 {
  box-sizing: border-box;
  margin: 0;
  min-width: 0;
  width: 32px;
  height: 32px;
  right: 0;
  top: 0;
  z-index: 0;
  border: none;
  background-color: mutedAccent;
  border-radius: 5px;
  display: -webkit-inline-box;
  display: -webkit-inline-flex;
  display: -ms-inline-flexbox;
  display: inline-flex;
  -webkit-align-items: center;
  -webkit-box-align: center;
  -ms-flex-align: center;
  align-items: center;
}

.emotion-5:hover {
  background-color: mutedAccentMore;
}

.emotion-6 {
  box-sizing: border-box;
  margin: 0;
  min-width: 0;
  width: 100%;
  height: 100%;
  padding: 2px;
}

.emotion-6 .icon-solid {
  fill: undefined;
}

.emotion-7 {
  box-sizing: border-box;
  margin: 0;
  min-width: 0;
  display: -webkit-box;
  display: -webkit-flex;
  display: -ms-flexbox;
  display: flex;
  height: 35px;
  margin-top: 20px;
}

@media screen and (min-width: 40em) {
  .emotion-7 {
    height: 35px;
  }
}

@media screen and (min-width: 52em) {
  .emotion-7 {
    height: 35px;
  }
}

.emotion-8 {
  box-sizing: border-box;
  margin: 0;
  min-width: 0;
  width: 34%;
}

.emotion-10 {
  box-sizing: border-box;
  margin: 0;
  min-width: 0;
  width: 33%;
  text-align: center;
}

.emotion-12 {
  box-sizing: border-box;
  margin: 0;
  min-width: 0;
  width: 33%;
  text-align: right;
}

.emotion-14 {
  box-sizing: border-box;
  margin: 0;
  min-width: 0;
  display: -webkit-box;
  display: -webkit-flex;
  display: -ms-flexbox;
  display: flex;
  height: 35px;
}

@media screen and (min-width: 40em) {
  .emotion-14 {
    height: 35px;
  }
}

@media screen and (min-width: 52em) {
  .emotion-14 {
    height: 35px;
  }
}

<figure
  className="emotion-0"
>
  <div
    className="emotion-1"
  >
    <div
      className="emotion-2"
    >
      <h2
        className="emotion-0"
      >
        Matches Burned
      </h2>
    </div>
    <div
      className="emotion-4"
    >
      <button
        className="emotion-5"
        data-testid="matches-burned-fullscreen"
        onClick={[Function]}
      >
        <svg
          className="emotion-6"
          viewBox="0 0 14 14"
        >
          <g
            fill="none"
            fillRule="evenodd"
            id="Page-1"
            stroke="none"
            strokeWidth="1"
          >
            <g
              className="icon-solid"
              id="Core"
              transform="translate(-215.000000, -257.000000)"
            >
              <g
                id="fullscreen"
                transform="translate(215.000000, 257.000000)"
              >
                <path
                  d="M2,9 L0,9 L0,14 L5,14 L5,12 L2,12 L2,9 L2,9 Z M0,5 L2,5 L2,2 L5,2 L5,0 L0,0 L0,5 L0,5 Z M12,12 L9,12 L9,14 L14,14 L14,9 L12,9 L12,12 L12,12 Z M9,0 L9,2 L12,2 L12,5 L14,5 L14,0 L9,0 L9,0 Z"
                  id="Shape"
                />
              </g>
            </g>
          </g>
        </svg>
      </button>
    </div>
  </div>
  <div
    className="emotion-7"
  >
    <div
      className="emotion-8"
    >
      <p
        className="emotion-0"
      >
        <strong>
          Average Power
        </strong>
      </p>
    </div>
    <div
      className="emotion-10"
    >
      <p
        className="emotion-0"
      >
        <strong>
          Total Joules
        </strong>
      </p>
    </div>
    <div
      className="emotion-12"
    >
      <p
        className="emotion-0"
      >
        <strong>
          Total time
        </strong>
      </p>
    </div>
  </div>
  <div
    className="emotion-14"
  >
    <div
      className="emotion-8"
    >
      <p
        className="emotion-0"
      >
        250
         watts
      </p>
    </div>
    <div
      className="emotion-10"
    >
      <p
        className="emotion-0"
      >
        1.00
         kJ
      </p>
    </div>
    <div
      className="emotion-12"
    >
      <p
        className="emotion-0"
      >
        4
         sec
      </p>
    </div>
  </div>
  <div
    className="emotion-14"
  >
    <div
      className="emotion-8"
    >
      <p
        className="emotion-0"
      >
        300
         watts
      </p>
    </div>
    <div
      className="emotion-10"
    >
      <p
        className="emotion-0"
      >
        3.00
         kJ
      </p>
    </div>
    <div
      className="emotion-12"
    >
      <p
        className="emotion-0"
      >
        10
         sec
      </p>
    </div>
  </div>
</figure>
`;
