// Jest Snapshot v1, https://goo.gl/fbAQLP

exports[`Footer renders 1`] = `
.emotion-0 {
  -webkit-align-items: center;
  -webkit-box-align: center;
  -ms-flex-align: center;
  align-items: center;
  font-family: body;
  padding: 20px;
}

.emotion-1 {
  box-sizing: border-box;
  margin: 0;
  min-width: 0;
  display: grid;
  margin-bottom: 10px;
  padding-top: 20px;
  border-top-width: 1px;
  border-top-color: primaryMuted;
  border-top-style: solid;
}

.emotion-2 {
  box-sizing: border-box;
  margin: 0;
  min-width: 0;
  font-weight: 500;
  font-size: 16px;
  margin-bottom: 10px;
}

.emotion-3 {
  box-sizing: border-box;
  margin: 0;
  min-width: 0;
}

.emotion-4 {
  box-sizing: border-box;
  margin: 0;
  min-width: 0;
  -webkit-text-decoration: none;
  text-decoration: none;
  text-underline-offset: 2.5px;
  font-weight: 300;
  padding-right: 16px;
}

.emotion-5 {
  box-sizing: border-box;
  margin: 0;
  min-width: 0;
  -webkit-text-decoration: none;
  text-decoration: none;
  text-underline-offset: 2.5px;
  padding-right: 16px;
  font-weight: 300;
}

.emotion-8 {
  margin-left: auto;
  margin-right: auto;
}

.emotion-9 {
  padding: 0;
  font-family: body;
  font-weight: 300;
  bottom: 0;
  margin-top: auto;
  margin-bottom: 10px;
}

<footer
  className="emotion-0"
>
  <div
    className="emotion-1"
  >
    <div
      className="emotion-2"
    >
      Gatsby Default Starter
    </div>
    <div
      className="emotion-3"
    >
      <a
        className="emotion-4"
        href="http://instagram.com/instagramusername"
      >
        Instagram
      </a>
      <a
        className="emotion-5"
        href="http://github.com/githubusername"
      >
        Github
      </a>
      <a
        className="emotion-5"
        href="http://twitter.com/twitterusername"
      >
        Twitter
      </a>
      <a
        className="emotion-5"
        href="https://www.strava.com/athletes/stravausername"
      >
        Strava
      </a>
    </div>
  </div>
  <div
    className="emotion-8"
  />
  <div
    className="emotion-9"
  />
</footer>
`;
