// Jest Snapshot v1, https://goo.gl/fbAQLP

exports[`PostTemplate renders 1`] = `
[
  .emotion-0 {
  box-sizing: border-box;
  margin: 0;
  min-width: 0;
  display: -webkit-box;
  display: -webkit-flex;
  display: -ms-flexbox;
  display: flex;
  -webkit-flex-direction: column;
  -ms-flex-direction: column;
  flex-direction: column;
  -webkit-box-pack: justify;
  -webkit-justify-content: space-between;
  justify-content: space-between;
  gap: 16px;
}

@media screen and (min-width: 40em) {
  .emotion-0 {
    -webkit-flex-direction: row;
    -ms-flex-direction: row;
    flex-direction: row;
  }
}

.emotion-1 {
  box-sizing: border-box;
  margin: 0;
  min-width: 0;
  width: 100%;
}

@media screen and (min-width: 40em) {
  .emotion-1 {
    width: 65%;
  }
}

.emotion-2 {
  box-sizing: border-box;
  margin: 0;
  min-width: 0;
  display: -webkit-box;
  display: -webkit-flex;
  display: -ms-flexbox;
  display: flex;
  width: 100%;
  background-color: transparent;
  padding-top: 8px;
  padding-bottom: 8px;
  padding-left: 0;
  padding-right: 0;
  gap: 8px;
  -webkit-flex-direction: column;
  -ms-flex-direction: column;
  flex-direction: column;
  -webkit-box-pack: center;
  -ms-flex-pack: center;
  -webkit-justify-content: center;
  justify-content: center;
  position: relative;
  border-bottom: 1px solid;
  border-color: muted;
  border-radius: none;
}

@media screen and (min-width: 40em) {
  .emotion-2 {
    width: 35%;
    background-color: primaryMuted;
    padding-top: 16px;
    padding-bottom: 16px;
    padding-left: 16px;
    padding-right: 16px;
    border-bottom: 0;
    border-radius: card;
  }
}

.emotion-3 {
  box-sizing: border-box;
  margin: 0;
  min-width: 0;
  margin-top: auto;
}

.emotion-4 {
  box-sizing: border-box;
  margin: 0;
  min-width: 0;
  color: text;
}

.emotion-5 {
  box-sizing: border-box;
  margin: 0;
  min-width: 0;
  color: textMuted;
}

.emotion-6 {
  box-sizing: border-box;
  margin: 0;
  min-width: 0;
  color: text;
  font-weight: 500;
}

<div
    className="emotion-0"
  >
    <div
      className="emotion-1"
    >
      <img
        alt="this is a title header image"
        image={
          {
            "height": 420,
            "width": 200,
          }
        }
        objectFit="cover"
      />
    </div>
    <div
      className="emotion-2"
    >
      <span
        className="emotion-3"
      >
        gravel racee
      </span>
      <h1
        className="emotion-4"
      >
        this is a title
      </h1>
      <span
        className="emotion-5"
      >
        2022-01-01
         — 
        Seattle Washington
      </span>
      <p
        className="emotion-6"
      >
        this is a teaser
      </p>
    </div>
  </div>,
  .emotion-0 {
  box-sizing: border-box;
  margin: 0;
  min-width: 0;
  width: 100%;
  max-width: container;
  margin-left: auto;
  margin-right: auto;
}

<div
    className="emotion-0"
  >
    <div />
  </div>,
]
`;
